{"id":1,"type":"info","level":2,"name":"app","meta":{},"content":"\u001b[38;5;15;1mKoishi/4.17.11\u001b[0m","timestamp":1762492748107}
{"id":2,"type":"info","level":2,"name":"loader","meta":{"paths":[]},"content":"apply plugin \u001b[38;5;45mgroup:entry\u001b[0m","timestamp":1762492748188}
{"id":3,"type":"info","level":2,"name":"loader","meta":{"paths":[]},"content":"apply plugin \u001b[38;5;45mgroup:server\u001b[0m","timestamp":1762492748190}
{"id":4,"type":"info","level":2,"name":"loader","meta":{"paths":[]},"content":"apply plugin \u001b[38;5;45mserver:3yhbyh\u001b[0m","timestamp":1762492748193}
{"id":5,"type":"info","level":2,"name":"loader","meta":{"paths":[]},"content":"apply plugin \u001b[38;5;45mgroup:basic\u001b[0m","timestamp":1762492748403}
{"id":6,"type":"info","level":2,"name":"loader","meta":{"paths":[]},"content":"apply plugin \u001b[38;5;45mcommands:3ya7md\u001b[0m","timestamp":1762492748405}
{"id":7,"type":"info","level":2,"name":"loader","meta":{"paths":[]},"content":"apply plugin \u001b[38;5;45mhelp:fg40ae\u001b[0m","timestamp":1762492748408}
{"id":8,"type":"info","level":2,"name":"loader","meta":{"paths":[]},"content":"apply plugin \u001b[38;5;45mhttp:t0oel2\u001b[0m","timestamp":1762492748412}
{"id":9,"type":"info","level":2,"name":"loader","meta":{"paths":[]},"content":"apply plugin \u001b[38;5;45mlocales:7tevmv\u001b[0m","timestamp":1762492748414}
{"id":10,"type":"info","level":2,"name":"loader","meta":{"paths":[]},"content":"apply plugin \u001b[38;5;45mproxy-agent:3xlfin\u001b[0m","timestamp":1762492748420}
{"id":11,"type":"info","level":2,"name":"loader","meta":{"paths":[]},"content":"apply plugin \u001b[38;5;45mrate-limit:0txjs9\u001b[0m","timestamp":1762492748574}
{"id":12,"type":"info","level":2,"name":"loader","meta":{"paths":[]},"content":"apply plugin \u001b[38;5;45mtelemetry:57mrih\u001b[0m","timestamp":1762492748578}
{"id":13,"type":"info","level":2,"name":"loader","meta":{"paths":[]},"content":"apply plugin \u001b[38;5;45mgroup:console\u001b[0m","timestamp":1762492748620}
{"id":14,"type":"info","level":2,"name":"loader","meta":{"paths":[]},"content":"apply plugin \u001b[38;5;45mactions:35txu0\u001b[0m","timestamp":1762492748623}
{"id":15,"type":"info","level":2,"name":"loader","meta":{"paths":[]},"content":"apply plugin \u001b[38;5;45manalytics:dxji6i\u001b[0m","timestamp":1762492748625}
{"id":16,"type":"info","level":2,"name":"loader","meta":{"paths":[]},"content":"apply plugin \u001b[38;5;45mconfig:zhjval\u001b[0m","timestamp":1762492748633}
{"id":17,"type":"info","level":2,"name":"loader","meta":{"paths":[]},"content":"apply plugin \u001b[38;5;45mconsole:7doiuf\u001b[0m","timestamp":1762492748683}
{"id":18,"type":"info","level":2,"name":"loader","meta":{"paths":[]},"content":"apply plugin \u001b[38;5;45mdataview:9x4lj9\u001b[0m","timestamp":1762492748699}
{"id":19,"type":"info","level":2,"name":"loader","meta":{"paths":[]},"content":"apply plugin \u001b[38;5;45mexplorer:ikvgc1\u001b[0m","timestamp":1762492748711}
{"id":20,"type":"info","level":2,"name":"loader","meta":{"paths":[]},"content":"apply plugin \u001b[38;5;45mlogger:ibmdct\u001b[0m","timestamp":1762492748748}
{"id":21,"type":"info","level":2,"name":"loader","meta":{"paths":[]},"content":"apply plugin \u001b[38;5;45minsight:e4b9ai\u001b[0m","timestamp":1762492748753}
{"id":22,"type":"info","level":2,"name":"loader","meta":{"paths":[]},"content":"apply plugin \u001b[38;5;45mmarket:eqa0mt\u001b[0m","timestamp":1762492748777}
{"id":23,"type":"info","level":2,"name":"loader","meta":{"paths":[]},"content":"apply plugin \u001b[38;5;45mnotifier:mzxv5t\u001b[0m","timestamp":1762492748846}
{"id":24,"type":"info","level":2,"name":"loader","meta":{"paths":[]},"content":"apply plugin \u001b[38;5;45moobe:9p3de4\u001b[0m","timestamp":1762492748849}
{"id":25,"type":"info","level":2,"name":"loader","meta":{"paths":[]},"content":"apply plugin \u001b[38;5;45msandbox:3de9mw\u001b[0m","timestamp":1762492748852}
{"id":26,"type":"info","level":2,"name":"loader","meta":{"paths":[]},"content":"apply plugin \u001b[38;5;45mstatus:1yqxw0\u001b[0m","timestamp":1762492748854}
{"id":27,"type":"info","level":2,"name":"loader","meta":{"paths":[]},"content":"apply plugin \u001b[38;5;45mtheme-vanilla:meiqf1\u001b[0m","timestamp":1762492748891}
{"id":28,"type":"info","level":2,"name":"loader","meta":{"paths":[]},"content":"apply plugin \u001b[38;5;45mgroup:storage\u001b[0m","timestamp":1762492748896}
{"id":29,"type":"info","level":2,"name":"loader","meta":{"paths":[]},"content":"apply plugin \u001b[38;5;45mdatabase-sqlite:ggjlan\u001b[0m","timestamp":1762492748897}
{"id":30,"type":"info","level":2,"name":"loader","meta":{"paths":[]},"content":"apply plugin \u001b[38;5;45massets-local:dgcpop\u001b[0m","timestamp":1762492748910}
{"id":31,"type":"info","level":2,"name":"loader","meta":{"paths":[]},"content":"apply plugin \u001b[38;5;45mgroup:adapter\u001b[0m","timestamp":1762492748917}
{"id":32,"type":"info","level":2,"name":"assets","meta":{"paths":["dgcpop"]},"content":"missing config \"selfUrl\", fallback to \"file:\" scheme","timestamp":1762492749395}
{"id":33,"type":"info","level":2,"name":"server","meta":{"paths":["3yhbyh"]},"content":"server listening at \u001b[38;5;57mhttp://0.0.0.0:5140\u001b[0m","timestamp":1762492749576}
{"id":34,"type":"info","level":2,"name":"console","meta":{"paths":["7doiuf"]},"content":"webui is available at \u001b[38;5;166mhttp://127.0.0.1:5140\u001b[0m","timestamp":1762492749582}
{"id":36,"type":"info","level":2,"name":"sqlite","meta":{"paths":["ggjlan"]},"content":"auto creating table \u001b[38;5;170muser\u001b[0m","timestamp":1762492750467}
{"id":39,"type":"info","level":2,"name":"sqlite","meta":{"paths":["ggjlan"]},"content":"auto creating table \u001b[38;5;170mbinding\u001b[0m","timestamp":1762492750581}
{"id":42,"type":"info","level":2,"name":"sqlite","meta":{"paths":["ggjlan"]},"content":"auto creating table \u001b[38;5;170mchannel\u001b[0m","timestamp":1762492750677}
{"id":45,"type":"info","level":2,"name":"sqlite","meta":{"paths":["ggjlan"]},"content":"auto creating table \u001b[38;5;170manalytics.message\u001b[0m","timestamp":1762492750757}
{"id":48,"type":"info","level":2,"name":"sqlite","meta":{"paths":["ggjlan"]},"content":"auto creating table \u001b[38;5;170manalytics.command\u001b[0m","timestamp":1762492750824}
{"id":50,"type":"success","level":1,"name":"telemetry","meta":{"paths":["57mrih"]},"content":"\n欢迎使用 Koishi！\ntelemetry 服务是一组可选的 Koishi 服务，旨在通过分析您的 Koishi 使用情况来改善 Koishi 的使用体验、提供精确的插件使用量数据，并仅在您需要时为您提供支持。\n拒绝同意将影响我们提供的相关数据和功能，但不会影响 Koishi 的基础功能。\n要了解更多信息，请打开 Koishi 控制台并参阅我们的隐私政策。在您点击「同意」前，telemetry 服务不会启动。\n","timestamp":1762492751013}
{"id":77,"type":"info","level":2,"name":"loader","meta":{"paths":[]},"content":"reload plugin \u001b[38;5;45mmarket:eqa0mt\u001b[0m","timestamp":1762493297156}
{"id":78,"type":"info","level":2,"name":"market","meta":{},"content":"Yarn 4.1.1","timestamp":1762493310886}
{"id":79,"type":"info","level":2,"name":"market","meta":{},"content":"┌ Resolution step","timestamp":1762493310930}
{"id":80,"type":"info","level":2,"name":"market","meta":{},"content":"+ @koishijs/plugin-adapter-discord@npm:4.5.10, @koishijs/plugin-adapter-kook@npm:4.7.0, @koishijs/plugin-adapter-qq@npm:4.10.1, and 45 more.","timestamp":1762493312624}
{"id":82,"type":"info","level":2,"name":"market","meta":{},"content":"└ Completed in 1s 721ms","timestamp":1762493312651}
{"id":88,"type":"info","level":2,"name":"market","meta":{},"content":"384 packages were added to the project (+ 53.83 MiB).","timestamp":1762493320419}
{"id":89,"type":"info","level":2,"name":"market","meta":{},"content":"└ Completed in 7s 764ms","timestamp":1762493320424}
{"id":90,"type":"info","level":2,"name":"market","meta":{},"content":"┌ Link step","timestamp":1762493320467}
{"id":91,"type":"info","level":2,"name":"market","meta":{},"content":"└ Completed in 1s 106ms","timestamp":1762493321575}
{"id":93,"type":"error","level":1,"name":"market","meta":{},"content":"Error: Cannot find module '/koishi/node_modules/@koishijs/plugin-server-temp/lib/index.js'. Please verify that the package.json has a valid \"main\" entry\n    at tryPackage (node:internal/modules/cjs/loader:445:19)\n    at Module._findPath (node:internal/modules/cjs/loader:716:18)\n    at Module._resolveFilename (node:internal/modules/cjs/loader:1131:27)\n    at Function.resolve (node:internal/modules/helpers:190:19)\n    at Proxy.install (/koishi/node_modules/@koishijs/plugin-market/lib/node/index.js:330:23)\n    at process.processTicksAndRejections (node:internal/process/task_queues:95:5)\n    at async ctx2.console.addListener.authority (/koishi/node_modules/@koishijs/plugin-market/lib/node/index.js:568:20)\n    at async WebSocket.receive (/koishi/node_modules/@koishijs/console/lib/index.js:127:21)","timestamp":1762493322739}
