{"id":1,"type":"info","level":2,"name":"app","meta":{},"content":"\u001b[38;5;15;1mKoishi/4.18.9\u001b[0m","timestamp":1762496482317}
{"id":2,"type":"info","level":2,"name":"loader","meta":{"paths":[]},"content":"apply plugin \u001b[38;5;45mgroup:entry\u001b[0m","timestamp":1762496482398}
{"id":3,"type":"info","level":2,"name":"loader","meta":{"paths":[]},"content":"apply plugin \u001b[38;5;45mgroup:9f05bq\u001b[0m","timestamp":1762496482401}
{"id":4,"type":"info","level":2,"name":"loader","meta":{"paths":[]},"content":"apply plugin \u001b[38;5;45mgroup:server\u001b[0m","timestamp":1762496482403}
{"id":5,"type":"info","level":2,"name":"loader","meta":{"paths":[]},"content":"apply plugin \u001b[38;5;45mserver:3yhbyh\u001b[0m","timestamp":1762496482404}
{"id":6,"type":"info","level":2,"name":"loader","meta":{"paths":[]},"content":"apply plugin \u001b[38;5;45mgroup:basic\u001b[0m","timestamp":1762496482556}
{"id":7,"type":"info","level":2,"name":"loader","meta":{"paths":[]},"content":"apply plugin \u001b[38;5;45mcommands:3ya7md\u001b[0m","timestamp":1762496482557}
{"id":8,"type":"info","level":2,"name":"loader","meta":{"paths":[]},"content":"apply plugin \u001b[38;5;45mhelp:fg40ae\u001b[0m","timestamp":1762496482561}
{"id":9,"type":"info","level":2,"name":"loader","meta":{"paths":[]},"content":"apply plugin \u001b[38;5;45mhttp:t0oel2\u001b[0m","timestamp":1762496482566}
{"id":10,"type":"info","level":2,"name":"loader","meta":{"paths":[]},"content":"apply plugin \u001b[38;5;45mlocales:7tevmv\u001b[0m","timestamp":1762496482568}
{"id":11,"type":"info","level":2,"name":"loader","meta":{"paths":[]},"content":"apply plugin \u001b[38;5;45mproxy-agent:3xlfin\u001b[0m","timestamp":1762496482575}
{"id":12,"type":"info","level":2,"name":"loader","meta":{"paths":[]},"content":"apply plugin \u001b[38;5;45mrate-limit:0txjs9\u001b[0m","timestamp":1762496482722}
{"id":13,"type":"info","level":2,"name":"loader","meta":{"paths":[]},"content":"apply plugin \u001b[38;5;45mtelemetry:57mrih\u001b[0m","timestamp":1762496482725}
{"id":14,"type":"info","level":2,"name":"loader","meta":{"paths":[]},"content":"apply plugin \u001b[38;5;45mgroup:55ot33\u001b[0m","timestamp":1762496482739}
{"id":15,"type":"info","level":2,"name":"loader","meta":{"paths":[]},"content":"apply plugin \u001b[38;5;45mgroup:storage\u001b[0m","timestamp":1762496482741}
{"id":16,"type":"info","level":2,"name":"loader","meta":{"paths":[]},"content":"apply plugin \u001b[38;5;45mdatabase-sqlite:ggjlan\u001b[0m","timestamp":1762496482742}
{"id":17,"type":"info","level":2,"name":"loader","meta":{"paths":[]},"content":"apply plugin \u001b[38;5;45massets-local:dgcpop\u001b[0m","timestamp":1762496482770}
{"id":18,"type":"info","level":2,"name":"loader","meta":{"paths":[]},"content":"apply plugin \u001b[38;5;45mgroup:console\u001b[0m","timestamp":1762496482775}
{"id":19,"type":"info","level":2,"name":"loader","meta":{"paths":[]},"content":"apply plugin \u001b[38;5;45mactions:35txu0\u001b[0m","timestamp":1762496482775}
{"id":20,"type":"info","level":2,"name":"loader","meta":{"paths":[]},"content":"apply plugin \u001b[38;5;45manalytics:dxji6i\u001b[0m","timestamp":1762496482778}
{"id":21,"type":"info","level":2,"name":"loader","meta":{"paths":[]},"content":"apply plugin \u001b[38;5;45mconfig:zhjval\u001b[0m","timestamp":1762496482782}
{"id":22,"type":"info","level":2,"name":"loader","meta":{"paths":[]},"content":"apply plugin \u001b[38;5;45mconsole:7doiuf\u001b[0m","timestamp":1762496482809}
{"id":23,"type":"info","level":2,"name":"loader","meta":{"paths":[]},"content":"apply plugin \u001b[38;5;45mdataview:9x4lj9\u001b[0m","timestamp":1762496482825}
{"id":24,"type":"info","level":2,"name":"loader","meta":{"paths":[]},"content":"apply plugin \u001b[38;5;45mexplorer:ikvgc1\u001b[0m","timestamp":1762496482828}
{"id":25,"type":"info","level":2,"name":"loader","meta":{"paths":[]},"content":"apply plugin \u001b[38;5;45mlogger:ibmdct\u001b[0m","timestamp":1762496482854}
{"id":26,"type":"info","level":2,"name":"loader","meta":{"paths":[]},"content":"apply plugin \u001b[38;5;45minsight:e4b9ai\u001b[0m","timestamp":1762496482856}
{"id":27,"type":"info","level":2,"name":"loader","meta":{"paths":[]},"content":"apply plugin \u001b[38;5;45mnotifier:mzxv5t\u001b[0m","timestamp":1762496482858}
{"id":28,"type":"info","level":2,"name":"loader","meta":{"paths":[]},"content":"apply plugin \u001b[38;5;45moobe:9p3de4\u001b[0m","timestamp":1762496482859}
{"id":29,"type":"info","level":2,"name":"loader","meta":{"paths":[]},"content":"apply plugin \u001b[38;5;45msandbox:3de9mw\u001b[0m","timestamp":1762496482862}
{"id":30,"type":"info","level":2,"name":"loader","meta":{"paths":[]},"content":"apply plugin \u001b[38;5;45mstatus:1yqxw0\u001b[0m","timestamp":1762496482866}
{"id":31,"type":"info","level":2,"name":"loader","meta":{"paths":[]},"content":"apply plugin \u001b[38;5;45mtheme-vanilla:meiqf1\u001b[0m","timestamp":1762496482919}
{"id":32,"type":"info","level":2,"name":"loader","meta":{"paths":[]},"content":"apply plugin \u001b[38;5;45mgroup:adapter\u001b[0m","timestamp":1762496482921}
{"id":33,"type":"info","level":2,"name":"loader","meta":{"paths":[]},"content":"apply plugin \u001b[38;5;45mgroup:80p6y4\u001b[0m","timestamp":1762496482922}
{"id":34,"type":"info","level":2,"name":"loader","meta":{"paths":[]},"content":"apply plugin \u001b[38;5;45mauth:qkkzfg\u001b[0m","timestamp":1762496482923}
{"id":35,"type":"info","level":2,"name":"loader","meta":{"paths":[]},"content":"apply plugin \u001b[38;5;45mmarket:eqa0mt\u001b[0m","timestamp":1762496482925}
{"id":36,"type":"info","level":2,"name":"loader","meta":{"paths":[]},"content":"apply plugin \u001b[38;5;45mgroup:fz8x6w\u001b[0m","timestamp":1762496482949}
{"id":37,"type":"info","level":2,"name":"loader","meta":{"paths":[]},"content":"apply plugin \u001b[38;5;45mgroup:1curgv\u001b[0m","timestamp":1762496482952}
{"id":38,"type":"info","level":2,"name":"loader","meta":{"paths":[]},"content":"apply plugin \u001b[38;5;45mgroup:niv8zn\u001b[0m","timestamp":1762496482952}
{"id":39,"type":"info","level":2,"name":"loader","meta":{"paths":[]},"content":"apply plugin \u001b[38;5;45mgroup:35o99d\u001b[0m","timestamp":1762496482953}
{"id":40,"type":"info","level":2,"name":"loader","meta":{"paths":[]},"content":"apply plugin \u001b[38;5;45mxhs-analyse:8vl27z\u001b[0m","timestamp":1762496482953}
{"id":41,"type":"info","level":2,"name":"loader","meta":{"paths":[]},"content":"apply plugin \u001b[38;5;45mgroup:fgi9pu\u001b[0m","timestamp":1762496482955}
{"id":42,"type":"info","level":2,"name":"loader","meta":{"paths":[]},"content":"apply plugin \u001b[38;5;45mbetter-custom-welcome-message:e6kw09\u001b[0m","timestamp":1762496482956}
{"id":43,"type":"info","level":2,"name":"loader","meta":{"paths":[]},"content":"apply plugin \u001b[38;5;45mpoke:j7es53\u001b[0m","timestamp":1762496482964}
{"id":44,"type":"info","level":2,"name":"assets","meta":{"paths":["dgcpop"]},"content":"missing config \"selfUrl\", fallback to \"file:\" scheme","timestamp":1762496483033}
{"id":45,"type":"info","level":2,"name":"server","meta":{"paths":["3yhbyh"]},"content":"server listening at \u001b[38;5;57mhttp://0.0.0.0:5140\u001b[0m","timestamp":1762496483273}
{"id":46,"type":"info","level":2,"name":"console","meta":{"paths":["7doiuf"]},"content":"webui is available at \u001b[38;5;166mhttp://127.0.0.1:5140\u001b[0m","timestamp":1762496483274}
{"id":47,"type":"info","level":2,"name":"auth","meta":{"paths":["qkkzfg"]},"content":"creating admin account","timestamp":1762496483395}
{"id":92,"type":"info","level":2,"name":"loader","meta":{"paths":[]},"content":"apply plugin \u001b[38;5;45mchatluna:e7roe6\u001b[0m","timestamp":1762496544986}
{"id":94,"type":"info","level":2,"name":"sqlite","meta":{"paths":["ggjlan"]},"content":"auto creating table \u001b[38;5;170mcache\u001b[0m","timestamp":1762496545098}
{"id":97,"type":"info","level":2,"name":"sqlite","meta":{"paths":["ggjlan"]},"content":"auto creating table \u001b[38;5;170mchathub_conversation\u001b[0m","timestamp":1762496545104}
{"id":100,"type":"info","level":2,"name":"sqlite","meta":{"paths":["ggjlan"]},"content":"auto creating table \u001b[38;5;170mchathub_message\u001b[0m","timestamp":1762496545107}
{"id":103,"type":"info","level":2,"name":"sqlite","meta":{"paths":["ggjlan"]},"content":"auto creating table \u001b[38;5;170mchathub_room\u001b[0m","timestamp":1762496545111}
{"id":106,"type":"info","level":2,"name":"sqlite","meta":{"paths":["ggjlan"]},"content":"auto creating table \u001b[38;5;170mchathub_room_member\u001b[0m","timestamp":1762496545115}
{"id":109,"type":"info","level":2,"name":"sqlite","meta":{"paths":["ggjlan"]},"content":"auto creating table \u001b[38;5;170mchathub_room_group_member\u001b[0m","timestamp":1762496545121}
{"id":112,"type":"info","level":2,"name":"sqlite","meta":{"paths":["ggjlan"]},"content":"auto creating table \u001b[38;5;170mchathub_user\u001b[0m","timestamp":1762496545122}
{"id":115,"type":"info","level":2,"name":"sqlite","meta":{"paths":["ggjlan"]},"content":"auto creating table \u001b[38;5;170mchatluna_docstore\u001b[0m","timestamp":1762496545124}
{"id":118,"type":"info","level":2,"name":"sqlite","meta":{"paths":["ggjlan"]},"content":"auto creating table \u001b[38;5;170mchathub_auth_user\u001b[0m","timestamp":1762496545127}
{"id":121,"type":"info","level":2,"name":"sqlite","meta":{"paths":["ggjlan"]},"content":"auto creating table \u001b[38;5;170mchathub_auth_joined_user\u001b[0m","timestamp":1762496545129}
{"id":124,"type":"info","level":2,"name":"sqlite","meta":{"paths":["ggjlan"]},"content":"auto creating table \u001b[38;5;170mchathub_auth_group\u001b[0m","timestamp":1762496545131}
{"id":200,"type":"info","level":2,"name":"loader","meta":{"paths":[]},"content":"apply plugin \u001b[38;5;45mchatluna-another-public-api-adapter:dtuhf0\u001b[0m","timestamp":1762496547370}
{"id":201,"type":"success","level":1,"name":"chatluna-another-public-api-adapter","meta":{"paths":["fz8x6w"]},"content":"Plugin \u001b[38;5;45mpublic-api\u001b[0m installed","timestamp":1762496547376}
{"id":202,"type":"info","level":2,"name":"loader","meta":{"paths":[]},"content":"reload plugin \u001b[38;5;45mchatluna:e7roe6\u001b[0m","timestamp":1762496604566}
{"id":203,"type":"info","level":2,"name":"loader","meta":{"paths":[]},"content":"apply plugin \u001b[38;5;45mchatluna-group-analysis:8ppuce\u001b[0m","timestamp":1762496632629}
{"id":204,"type":"info","level":2,"name":"loader","meta":{"paths":[]},"content":"apply plugin \u001b[38;5;45mcron:e1svda\u001b[0m","timestamp":1762496689976}
{"id":205,"type":"info","level":2,"name":"loader","meta":{"paths":[]},"content":"unload plugin \u001b[38;5;45mchatluna-group-analysis:8ppuce\u001b[0m","timestamp":1762496693615}
{"id":206,"type":"info","level":2,"name":"loader","meta":{"paths":[]},"content":"apply plugin \u001b[38;5;45mchatluna-group-analysis:8ppuce\u001b[0m","timestamp":1762496694990}
{"id":207,"type":"info","level":2,"name":"loader","meta":{"paths":[]},"content":"reload plugin \u001b[38;5;45mchatluna:e7roe6\u001b[0m","timestamp":1762496702672}
{"id":208,"type":"info","level":2,"name":"loader","meta":{"paths":[]},"content":"unload plugin \u001b[38;5;45mchatluna-group-analysis:8ppuce\u001b[0m","timestamp":1762496705663}
{"id":209,"type":"info","level":2,"name":"loader","meta":{"paths":[]},"content":"apply plugin \u001b[38;5;45mchatluna-group-analysis:8ppuce\u001b[0m","timestamp":1762496706849}
{"id":210,"type":"info","level":2,"name":"loader","meta":{"paths":[]},"content":"unload plugin \u001b[38;5;45mchatluna-group-analysis:8ppuce\u001b[0m","timestamp":1762496725223}
{"id":211,"type":"info","level":2,"name":"loader","meta":{"paths":[]},"content":"apply plugin \u001b[38;5;45mpixluna:5h1j7q\u001b[0m","timestamp":1762497037504}
{"id":212,"type":"info","level":2,"name":"loader","meta":{"paths":[]},"content":"apply plugin \u001b[38;5;45mpuppeteer:jfs4k5\u001b[0m","timestamp":1762497096953}
{"id":213,"type":"info","level":2,"name":"puppeteer","meta":{"paths":["80p6y4"]},"content":"chrome executable found at \u001b[38;5;201m/usr/bin/chromium\u001b[0m","timestamp":1762497096997}
{"id":219,"type":"info","level":2,"name":"market","meta":{},"content":"Yarn 4.1.1","timestamp":1762497352906}
{"id":220,"type":"info","level":2,"name":"market","meta":{},"content":"┌ Resolution step","timestamp":1762497352925}
{"id":221,"type":"info","level":2,"name":"market","meta":{},"content":"+ koishi-plugin-ffmpeg@npm:1.1.0","timestamp":1762497353527}
{"id":222,"type":"info","level":2,"name":"market","meta":{},"content":"└ Completed in 0s 620ms","timestamp":1762497353546}
{"id":223,"type":"info","level":2,"name":"market","meta":{},"content":"┌ Post-resolution validation","timestamp":1762497353547}
{"id":226,"type":"info","level":2,"name":"market","meta":{},"content":"└ Completed","timestamp":1762497353547}
{"id":227,"type":"info","level":2,"name":"market","meta":{},"content":"┌ Fetch step","timestamp":1762497353548}
{"id":228,"type":"info","level":2,"name":"market","meta":{},"content":"A package was added to the project (+ 9.07 KiB).","timestamp":1762497354645}
{"id":229,"type":"info","level":2,"name":"market","meta":{},"content":"└ Completed in 1s 97ms","timestamp":1762497354648}
{"id":230,"type":"info","level":2,"name":"market","meta":{},"content":"┌ Link step","timestamp":1762497354723}
{"id":231,"type":"info","level":2,"name":"market","meta":{},"content":"└ Completed in 0s 466ms","timestamp":1762497355190}
{"id":233,"type":"error","level":1,"name":"market","meta":{},"content":"Error: Cannot find module 'koishi-plugin-ffmpeg'\nRequire stack:\n- /koishi/node_modules/@koishijs/plugin-market/lib/node/index.js\n- /koishi/node_modules/@koishijs/loader/lib/index.js\n- /koishi/node_modules/koishi/lib/worker/index.js\n    at Module._resolveFilename (node:internal/modules/cjs/loader:1145:15)\n    at Function.resolve (node:internal/modules/helpers:190:19)\n    at Proxy.install (/koishi/node_modules/@koishijs/plugin-market/lib/node/index.js:318:23)\n    at process.processTicksAndRejections (node:internal/process/task_queues:95:5)\n    at async ctx2.console.addListener.authority (/koishi/node_modules/@koishijs/plugin-market/lib/node/index.js:546:20)\n    at async WebSocket.receive (/koishi/node_modules/@koishijs/plugin-console/node_modules/@koishijs/console/lib/index.js:127:21)","timestamp":1762497356923}
